                                                   ✨ PromptArena ✨                                                    
                                          .  •  [░░░░░░░░░░░░ 0/0]  •  ⏱  0ms                                           
                                                                                                                        
╭──────────────────────────────────────────────────────────────────────────────────────────────────────────────────────╮
│                                                                                                                      │
│  📊 Active Runs                                                                                                      │
│   Status      Provider              Scenario                        Region        Duration      Cost        Notes    │
│  ──────────────────────────────────────────────────────────────────────────────────────────────────────────────────  │
│                                                                                                                      │
│                                                                                                                      │
│                                                                                                                      │
│                                                                                                                      │
│                                                                                                                      │
│                                                                                                                      │
╰──────────────────────────────────────────────────────────────────────────────────────────────────────────────────────╯
╭─────────────────────────────────────────────────────────╮╭──────────────────────────────────────────────────────────╮ 
│                                                         ││                                                          │ 
│ Logs                                                    ││  No run selected                                         │ 
│ No logs yet...                                          ││   ✓   Type            Score    Details                   │ 
│                                                         ││  ──────────────────────────────────────────────────────  │ 
│                                                         ││                                                          │ 
│                                                         ││                                                          │ 
│                                                         ││                                                          │ 
│                                                         ││                                                          │ 
│                                                         ││                                                          │ 
│                                                         ││                                                          │ 
│                                                         ││                                                          │ 
│                                                         ││                                                          │ 
│                                                         ││                                                          │ 
│                                                         ││                                                          │ 
│                                                         ││                                                          │ 
│                                                         ││                                                          │ 
│                                                         ││                                                          │ 
│                                                         ││                                                          │ 
│                                                         ││                                                          │ 
│                                                         ││                                                          │ 
│                                                         ││                                                          │ 
╰─────────────────────────────────────────────────────────╯╰──────────────────────────────────────────────────────────╯ 
                                                                                                                        
 ↑/↓ navigate/scroll • tab cycle focus • enter open conversation • z collapse • esc back • q quit                       