                     ✨ PromptArena ✨                                                            
            .  •  [░░░░░░░░░░░░ 0/0]  •  ⏱  0ms                                                   
                                                                                                  
╭──────────────────────────────────────────────────────────╮                                      
│                                                          │                                      
│  📊 Active Runs                                          │                                      
│   Status      Provider              Scenario             │                                      
│  ──────────────────────────────────────────────────────  │                                      
│                                                          │                                      
│                                                          │                                      
╰──────────────────────────────────────────────────────────╯                                      
╭───────────────────────────╮╭────────────────────────────╮                                       
│                           ││                            │                                       
│ Logs                      ││  No run selected           │                                       
│ No logs yet...            ││   ✓   Type      Score      │                                       
│                           ││  ────────────────────────  │                                       
│                           ││                            │                                       
│                           ││                            │                                       
│                           ││                            │                                       
│                           ││                            │                                       
╰───────────────────────────╯╰────────────────────────────╯                                       
                                                                                                  
 ↑/↓ navigate/scroll • tab cycle focus • enter open conversation • z collapse • esc back • q quit 